ARM Linker, 5.03 [Build 24] [MDK-ARM Lite]

==============================================================================

Section Cross References

    app_main.o(.text) refers to app_main.o(i.__ARM_common_switch8) for __ARM_common_switch8
    app_main.o(.text) refers to app_fun.o(.text) for Communication_Test
    app_main.o(.text) refers to app_main.o(.data) for .data
    start.o(.text) refers to __main.o(!!!main) for __main
    app_fun.o(.text) refers to lk_api.o(.text) for LK_DesSetKey
    app_fun.o(.text) refers to rt_memmove.o(.text) for __aeabi_memmove
    app_fun.o(.text) refers to fflti.o(.text) for __aeabi_ui2f
    app_fun.o(.text) refers to dflti.o(.text) for __aeabi_ui2d
    app_fun.o(.text) refers to sqrt.o(i.sqrt) for sqrt
    app_fun.o(.text) refers to ddiv.o(.text) for __aeabi_ddiv
    app_fun.o(.text) refers to d2f.o(.text) for __aeabi_d2f
    app_fun.o(.text) refers to fmul.o(x$fpl$fmul) for __aeabi_fmul
    app_fun.o(.text) refers to faddsub.o(x$fpl$fadd) for __aeabi_fadd
    lk_api.o(.ARM.__at_0x00030080) refers to app_main.o(.text) for APP_Command
    lk_api.o(.ARM.__at_0x000300C0) refers to app_main.o(.text) for APP_Init
    lk_api.o(.text) refers to app_main.o(.text) for APP_Init
    lk_api.o(.text) refers to lk_api.o(.ARM.__at_0x00030080) for LKAPP_CommandEntry
    rt_memmove.o(.text) refers to rt_memcpy.o(.emb_text) for __aeabi_memcpy4
    rt_memmove.o(.text) refers to rt_memcpy.o(.text) for __aeabi_memcpy
    __main.o(!!!main) refers to rtentry.o(.ARM.Collect$$rtentry$$00000000) for __rt_entry
    d2f.o(.text) refers (Special) to usenofp.o(x$fpl$usenofp) for __I$use$fp
    ddiv.o(.text) refers (Special) to usenofp.o(x$fpl$usenofp) for __I$use$fp
    ddiv.o(.text) refers to ddiv.o(.constdata) for .constdata
    ddiv.o(.constdata) refers (Special) to usenofp.o(x$fpl$usenofp) for __I$use$fp
    dflti.o(.text) refers (Special) to usenofp.o(x$fpl$usenofp) for __I$use$fp
    faddsub.o(x$fpl$fadd) refers (Special) to usenofp.o(x$fpl$usenofp) for __I$use$fp
    faddsub.o(x$fpl$fadd) refers to faddsub.o(x$fpl$fsub) for _fsub1
    faddsub.o(x$fpl$frsb) refers (Special) to usenofp.o(x$fpl$usenofp) for __I$use$fp
    faddsub.o(x$fpl$frsb) refers to faddsub.o(x$fpl$fsub) for _fsub1
    faddsub.o(x$fpl$frsb) refers to faddsub.o(x$fpl$fadd) for _fadd1
    faddsub.o(x$fpl$fsub) refers (Special) to usenofp.o(x$fpl$usenofp) for __I$use$fp
    faddsub.o(x$fpl$fsub) refers to faddsub.o(x$fpl$fadd) for _fadd1
    fflti.o(.text) refers (Special) to usenofp.o(x$fpl$usenofp) for __I$use$fp
    fmul.o(x$fpl$fmul) refers (Special) to usenofp.o(x$fpl$usenofp) for __I$use$fp
    sqrt.o(i.__softfp_sqrt) refers (Special) to usenofp.o(x$fpl$usenofp) for __I$use$fp
    sqrt.o(i.__softfp_sqrt) refers to dsqrt.o(.text) for _dsqrt
    sqrt.o(i.__softfp_sqrt) refers to _rserrno.o(.text) for __set_errno
    sqrt.o(i.sqrt) refers (Special) to usenofp.o(x$fpl$usenofp) for __I$use$fp
    sqrt.o(i.sqrt) refers to dsqrt.o(.text) for _dsqrt
    sqrt.o(i.sqrt) refers to _rserrno.o(.text) for __set_errno
    sqrt_x.o(i.____softfp_sqrt$lsc) refers (Special) to usenofp.o(x$fpl$usenofp) for __I$use$fp
    sqrt_x.o(i.____softfp_sqrt$lsc) refers to dlef.o(x$fpl$dleqf) for __aeabi_cdcmple
    sqrt_x.o(i.____softfp_sqrt$lsc) refers to _rserrno.o(.text) for __set_errno
    sqrt_x.o(i.____softfp_sqrt$lsc) refers to dsqrt.o(.text) for _dsqrt
    sqrt_x.o(i.__sqrt$lsc) refers (Special) to usenofp.o(x$fpl$usenofp) for __I$use$fp
    sqrt_x.o(i.__sqrt$lsc) refers to dlef.o(x$fpl$dleqf) for __aeabi_cdcmple
    sqrt_x.o(i.__sqrt$lsc) refers to _rserrno.o(.text) for __set_errno
    sqrt_x.o(i.__sqrt$lsc) refers to dsqrt.o(.text) for _dsqrt
    rtentry.o(.ARM.Collect$$rtentry$$00000000) refers (Special) to rtentry2.o(.ARM.Collect$$rtentry$$0000000A) for __rt_entry_li
    rtentry.o(.ARM.Collect$$rtentry$$00000000) refers (Special) to rtentry2.o(.ARM.Collect$$rtentry$$0000000D) for __rt_entry_main
    rtentry.o(.ARM.Collect$$rtentry$$00000000) refers (Special) to rtentry2.o(.ARM.Collect$$rtentry$$0000000C) for __rt_entry_postli_1
    rtentry.o(.ARM.Collect$$rtentry$$00000000) refers (Special) to rtentry2.o(.ARM.Collect$$rtentry$$00000009) for __rt_entry_postsh_1
    rtentry.o(.ARM.Collect$$rtentry$$00000000) refers (Special) to rtentry2.o(.ARM.Collect$$rtentry$$00000002) for __rt_entry_presh_1
    rtentry.o(.ARM.Collect$$rtentry$$00000000) refers (Special) to rtentry4.o(.ARM.Collect$$rtentry$$00000004) for __rt_entry_sh
    _rserrno.o(.text) refers to rt_errno_addr_intlibspace.o(.text) for __aeabi_errno_addr
    rt_memcpy.o(.text) refers to rt_memcpy.o(.emb_text) for __aeabi_memcpy4
    dlef.o(x$fpl$dleqf) refers (Special) to usenofp.o(x$fpl$usenofp) for __I$use$fp
    dlef.o(x$fpl$dleqf) refers to dcmpin.o(.text) for __fpl_dcmp_InfNaN
    dsqrt.o(.text) refers (Special) to usenofp.o(x$fpl$usenofp) for __I$use$fp
    rtentry2.o(.ARM.Collect$$rtentry$$00000008) refers to boardinit2.o(.text) for _platform_post_stackheap_init
    rtentry2.o(.ARM.Collect$$rtentry$$0000000A) refers to libinit.o(.ARM.Collect$$libinit$$00000000) for __rt_lib_init
    rtentry2.o(.ARM.Collect$$rtentry$$0000000B) refers to boardinit3.o(.text) for _platform_post_lib_init
    rtentry2.o(.ARM.Collect$$rtentry$$0000000D) refers to lk_api.o(.text) for main
    rtentry2.o(.ARM.Collect$$rtentry$$0000000D) refers to exit.o(.text) for exit
    rtentry2.o(.ARM.exidx) refers to rtentry2.o(.ARM.Collect$$rtentry$$00000001) for .ARM.Collect$$rtentry$$00000001
    rtentry2.o(.ARM.exidx) refers to rtentry2.o(.ARM.Collect$$rtentry$$00000008) for .ARM.Collect$$rtentry$$00000008
    rtentry2.o(.ARM.exidx) refers to rtentry2.o(.ARM.Collect$$rtentry$$0000000A) for .ARM.Collect$$rtentry$$0000000A
    rtentry2.o(.ARM.exidx) refers to rtentry2.o(.ARM.Collect$$rtentry$$0000000B) for .ARM.Collect$$rtentry$$0000000B
    rtentry2.o(.ARM.exidx) refers to rtentry2.o(.ARM.Collect$$rtentry$$0000000D) for .ARM.Collect$$rtentry$$0000000D
    rtentry4.o(.ARM.Collect$$rtentry$$00000004) refers to sys_stackheap_outer.o(.text) for __user_setup_stackheap
    rtentry4.o(.ARM.exidx) refers to rtentry4.o(.ARM.Collect$$rtentry$$00000004) for .ARM.Collect$$rtentry$$00000004
    rt_errno_addr.o(.text) refers to rt_errno_addr.o(.bss) for __aeabi_errno_addr_data
    rt_errno_addr_intlibspace.o(.text) refers to libspace.o(.bss) for __libspace_start
    dcmpin.o(.text) refers (Special) to usenofp.o(x$fpl$usenofp) for __I$use$fp
    dcmpin.o(.text) refers to cmpret.o(.text) for __fpl_cmpreturn
    dcmpin.o(.text) refers to dnan2.o(.text) for __fpl_dcheck_NaN2
    libspace.o(.text) refers to libspace.o(.bss) for __libspace_start
    sys_stackheap_outer.o(.text) refers to libspace.o(.text) for __user_perproc_libspace
    sys_stackheap_outer.o(.text) refers to sys_stackheap.o(.text) for __user_initial_stackheap
    sys_stackheap_outer.o(__vectab_stack_and_reset_area) refers to tempstk.o(.text) for __temporary_stack_top
    sys_stackheap_outer.o(__vectab_stack_and_reset_area) refers to __main.o(!!!main) for __main
    exit.o(.text) refers to rtexit.o(.ARM.Collect$$rtexit$$00000000) for __rt_exit
    libinit.o(.ARM.Collect$$libinit$$00000000) refers (Special) to libinit2.o(.ARM.Collect$$libinit$$0000002C) for __rt_lib_init_alloca_1
    libinit.o(.ARM.Collect$$libinit$$00000000) refers (Special) to libinit2.o(.ARM.Collect$$libinit$$0000002A) for __rt_lib_init_argv_1
    libinit.o(.ARM.Collect$$libinit$$00000000) refers (Special) to libinit2.o(.ARM.Collect$$libinit$$00000019) for __rt_lib_init_atexit_1
    libinit.o(.ARM.Collect$$libinit$$00000000) refers (Special) to libinit2.o(.ARM.Collect$$libinit$$0000001F) for __rt_lib_init_clock_1
    libinit.o(.ARM.Collect$$libinit$$00000000) refers (Special) to libinit2.o(.ARM.Collect$$libinit$$00000030) for __rt_lib_init_cpp_1
    libinit.o(.ARM.Collect$$libinit$$00000000) refers (Special) to libinit2.o(.ARM.Collect$$libinit$$0000002E) for __rt_lib_init_exceptions_1
    libinit.o(.ARM.Collect$$libinit$$00000000) refers (Special) to libinit2.o(.ARM.Collect$$libinit$$00000001) for __rt_lib_init_fp_1
    libinit.o(.ARM.Collect$$libinit$$00000000) refers (Special) to libinit2.o(.ARM.Collect$$libinit$$0000001D) for __rt_lib_init_fp_trap_1
    libinit.o(.ARM.Collect$$libinit$$00000000) refers (Special) to libinit2.o(.ARM.Collect$$libinit$$00000021) for __rt_lib_init_getenv_1
    libinit.o(.ARM.Collect$$libinit$$00000000) refers (Special) to libinit2.o(.ARM.Collect$$libinit$$00000008) for __rt_lib_init_heap_1
    libinit.o(.ARM.Collect$$libinit$$00000000) refers (Special) to libinit2.o(.ARM.Collect$$libinit$$0000000F) for __rt_lib_init_lc_collate_1
    libinit.o(.ARM.Collect$$libinit$$00000000) refers (Special) to libinit2.o(.ARM.Collect$$libinit$$00000011) for __rt_lib_init_lc_ctype_1
    libinit.o(.ARM.Collect$$libinit$$00000000) refers (Special) to libinit2.o(.ARM.Collect$$libinit$$00000013) for __rt_lib_init_lc_monetary_1
    libinit.o(.ARM.Collect$$libinit$$00000000) refers (Special) to libinit2.o(.ARM.Collect$$libinit$$00000015) for __rt_lib_init_lc_numeric_1
    libinit.o(.ARM.Collect$$libinit$$00000000) refers (Special) to libinit2.o(.ARM.Collect$$libinit$$00000017) for __rt_lib_init_lc_time_1
    libinit.o(.ARM.Collect$$libinit$$00000000) refers (Special) to libinit2.o(.ARM.Collect$$libinit$$0000000C) for __rt_lib_init_rand_1
    libinit.o(.ARM.Collect$$libinit$$00000000) refers (Special) to libinit2.o(.ARM.Collect$$libinit$$00000031) for __rt_lib_init_return
    libinit.o(.ARM.Collect$$libinit$$00000000) refers (Special) to libinit2.o(.ARM.Collect$$libinit$$0000001B) for __rt_lib_init_signal_1
    libinit.o(.ARM.Collect$$libinit$$00000000) refers (Special) to libinit2.o(.ARM.Collect$$libinit$$00000023) for __rt_lib_init_stdio_1
    libinit.o(.ARM.Collect$$libinit$$00000000) refers (Special) to libinit2.o(.ARM.Collect$$libinit$$0000000A) for __rt_lib_init_user_alloc_1
    cmpret.o(.text) refers (Special) to usenofp.o(x$fpl$usenofp) for __I$use$fp
    dnan2.o(.text) refers (Special) to usenofp.o(x$fpl$usenofp) for __I$use$fp
    dnan2.o(.text) refers to retnan.o(.text) for __fpl_return_NaN
    sys_stackheap.o(.text) refers (Special) to indicate_semi.o(.text) for __semihosting_library_function
    sys_stackheap.o(.text) refers to use_no_semi.o(.text) for __I$use$semihosting
    rtexit.o(.ARM.Collect$$rtexit$$00000000) refers (Special) to rtexit2.o(.ARM.Collect$$rtexit$$00000004) for __rt_exit_exit
    rtexit.o(.ARM.Collect$$rtexit$$00000000) refers (Special) to rtexit2.o(.ARM.Collect$$rtexit$$00000003) for __rt_exit_ls
    rtexit.o(.ARM.Collect$$rtexit$$00000000) refers (Special) to rtexit2.o(.ARM.Collect$$rtexit$$00000002) for __rt_exit_prels_1
    rtexit.o(.ARM.exidx) refers (Special) to rtexit2.o(.ARM.Collect$$rtexit$$00000004) for __rt_exit_exit
    rtexit.o(.ARM.exidx) refers (Special) to rtexit2.o(.ARM.Collect$$rtexit$$00000003) for __rt_exit_ls
    rtexit.o(.ARM.exidx) refers (Special) to rtexit2.o(.ARM.Collect$$rtexit$$00000002) for __rt_exit_prels_1
    rtexit.o(.ARM.exidx) refers to rtexit.o(.ARM.Collect$$rtexit$$00000000) for .ARM.Collect$$rtexit$$00000000
    libinit2.o(.ARM.Collect$$libinit$$0000000E) refers to libinit2.o(.ARM.Collect$$libinit$$0000000D) for .ARM.Collect$$libinit$$0000000D
    libinit2.o(.ARM.Collect$$libinit$$00000010) refers to libinit2.o(.ARM.Collect$$libinit$$0000000D) for .ARM.Collect$$libinit$$0000000D
    libinit2.o(.ARM.Collect$$libinit$$00000012) refers to libinit2.o(.ARM.Collect$$libinit$$0000000D) for .ARM.Collect$$libinit$$0000000D
    libinit2.o(.ARM.Collect$$libinit$$00000014) refers to libinit2.o(.ARM.Collect$$libinit$$0000000D) for .ARM.Collect$$libinit$$0000000D
    libinit2.o(.ARM.Collect$$libinit$$00000016) refers to libinit2.o(.ARM.Collect$$libinit$$0000000D) for .ARM.Collect$$libinit$$0000000D
    libinit2.o(.ARM.Collect$$libinit$$00000024) refers to argv_veneer.o(.text) for __ARM_argv_veneer
    libinit2.o(.ARM.Collect$$libinit$$00000025) refers to argv_veneer.o(.text) for __ARM_argv_veneer
    retnan.o(.text) refers (Special) to usenofp.o(x$fpl$usenofp) for __I$use$fp
    retnan.o(.text) refers to cmpret.o(.text) for __fpl_cmpreturn
    rtexit2.o(.ARM.Collect$$rtexit$$00000003) refers to libshutdown.o(.ARM.Collect$$libshutdown$$00000000) for __rt_lib_shutdown
    rtexit2.o(.ARM.Collect$$rtexit$$00000004) refers to sys_exit.o(.text) for _sys_exit
    rtexit2.o(.ARM.exidx) refers to rtexit2.o(.ARM.Collect$$rtexit$$00000001) for .ARM.Collect$$rtexit$$00000001
    rtexit2.o(.ARM.exidx) refers to rtexit2.o(.ARM.Collect$$rtexit$$00000003) for .ARM.Collect$$rtexit$$00000003
    rtexit2.o(.ARM.exidx) refers to rtexit2.o(.ARM.Collect$$rtexit$$00000004) for .ARM.Collect$$rtexit$$00000004
    sys_exit.o(.text) refers (Special) to use_no_semi.o(.text) for __I$use$semihosting
    sys_exit.o(.text) refers (Special) to indicate_semi.o(.text) for __semihosting_library_function
    _get_argv_nomalloc.o(.text) refers (Special) to hrguard.o(.text) for __heap_region$guard
    _get_argv_nomalloc.o(.text) refers to defsig_rtmem_outer.o(.text) for __rt_SIGRTMEM
    _get_argv_nomalloc.o(.text) refers to sys_command.o(.text) for _sys_command_string
    libshutdown.o(.ARM.Collect$$libshutdown$$00000000) refers (Special) to libshutdown2.o(.ARM.Collect$$libshutdown$$00000006) for __rt_lib_shutdown_fp_trap_1
    libshutdown.o(.ARM.Collect$$libshutdown$$00000000) refers (Special) to libshutdown2.o(.ARM.Collect$$libshutdown$$0000000E) for __rt_lib_shutdown_heap_1
    libshutdown.o(.ARM.Collect$$libshutdown$$00000000) refers (Special) to libshutdown2.o(.ARM.Collect$$libshutdown$$0000000F) for __rt_lib_shutdown_return
    libshutdown.o(.ARM.Collect$$libshutdown$$00000000) refers (Special) to libshutdown2.o(.ARM.Collect$$libshutdown$$00000009) for __rt_lib_shutdown_signal_1
    libshutdown.o(.ARM.Collect$$libshutdown$$00000000) refers (Special) to libshutdown2.o(.ARM.Collect$$libshutdown$$00000003) for __rt_lib_shutdown_stdio_1
    libshutdown.o(.ARM.Collect$$libshutdown$$00000000) refers (Special) to libshutdown2.o(.ARM.Collect$$libshutdown$$0000000B) for __rt_lib_shutdown_user_alloc_1
    sys_command.o(.text) refers (Special) to use_no_semi.o(.text) for __I$use$semihosting
    sys_command.o(.text) refers (Special) to indicate_semi.o(.text) for __semihosting_library_function
    defsig_rtmem_outer.o(.text) refers to defsig_rtmem_inner.o(.text) for __rt_SIGRTMEM_inner
    defsig_rtmem_outer.o(.text) refers to defsig_exit.o(.text) for __sig_exit
    defsig_rtmem_formal.o(.text) refers to rt_raise.o(.text) for __rt_raise
    rt_raise.o(.text) refers to __raise.o(.text) for __raise
    rt_raise.o(.text) refers to sys_exit.o(.text) for _sys_exit
    defsig_exit.o(.text) refers to sys_exit.o(.text) for _sys_exit
    defsig_rtmem_inner.o(.text) refers to defsig_general.o(.text) for __default_signal_display
    __raise.o(.text) refers to defsig.o(CL$$defsig) for __default_signal_handler
    defsig_general.o(.text) refers to sys_wrch.o(.text) for _ttywrch
    sys_wrch.o(.text) refers (Special) to use_no_semi.o(.text) for __I$use$semihosting
    sys_wrch.o(.text) refers (Special) to indicate_semi.o(.text) for __semihosting_library_function
    defsig.o(CL$$defsig) refers to defsig_rtmem_inner.o(.text) for __rt_SIGRTMEM_inner
    defsig_abrt_inner.o(.text) refers to defsig_general.o(.text) for __default_signal_display
    defsig_fpe_inner.o(.text) refers to defsig_general.o(.text) for __default_signal_display
    defsig_rtred_inner.o(.text) refers to defsig_general.o(.text) for __default_signal_display
    defsig_stak_inner.o(.text) refers to defsig_general.o(.text) for __default_signal_display
    defsig_pvfn_inner.o(.text) refers to defsig_general.o(.text) for __default_signal_display
    defsig_cppl_inner.o(.text) refers to defsig_general.o(.text) for __default_signal_display
    defsig_segv_inner.o(.text) refers to defsig_general.o(.text) for __default_signal_display
    defsig_other.o(.text) refers to defsig_general.o(.text) for __default_signal_display


==============================================================================

Removing Unused input sections from the image.

    Removing app_main.o(.data), (1 bytes).
    Removing start.o(.text), (8 bytes).

2 unused section(s) (total 9 bytes) removed from the image.

==============================================================================

Image Symbol Table

    Local Symbols

    Symbol Name                              Value     Ov Type        Size  Object(Section)

    ../clib/angel/boardlib.s                 0x00000000   Number         0  boardinit2.o ABSOLUTE
    ../clib/angel/boardlib.s                 0x00000000   Number         0  boardinit3.o ABSOLUTE
    ../clib/angel/boardlib.s                 0x00000000   Number         0  boardinit1.o ABSOLUTE
    ../clib/angel/boardlib.s                 0x00000000   Number         0  boardshut.o ABSOLUTE
    ../clib/angel/handlers.s                 0x00000000   Number         0  __scatter_zi.o ABSOLUTE
    ../clib/angel/handlers.s                 0x00000000   Number         0  __scatter_copy.o ABSOLUTE
    ../clib/angel/kernel.s                   0x00000000   Number         0  rtexit2.o ABSOLUTE
    ../clib/angel/kernel.s                   0x00000000   Number         0  rtexit.o ABSOLUTE
    ../clib/angel/kernel.s                   0x00000000   Number         0  rtentry.o ABSOLUTE
    ../clib/angel/kernel.s                   0x00000000   Number         0  rtentry2.o ABSOLUTE
    ../clib/angel/kernel.s                   0x00000000   Number         0  rtentry4.o ABSOLUTE
    ../clib/angel/rt.s                       0x00000000   Number         0  rt_raise.o ABSOLUTE
    ../clib/angel/rt.s                       0x00000000   Number         0  rt_errno_addr.o ABSOLUTE
    ../clib/angel/rt.s                       0x00000000   Number         0  rt_errno_addr_intlibspace.o ABSOLUTE
    ../clib/angel/scatterp.s                 0x00000000   Number         0  __scatter.o ABSOLUTE
    ../clib/angel/startup.s                  0x00000000   Number         0  __main.o ABSOLUTE
    ../clib/angel/sys.s                      0x00000000   Number         0  tempstk.o ABSOLUTE
    ../clib/angel/sys.s                      0x00000000   Number         0  indicate_semi.o ABSOLUTE
    ../clib/angel/sys.s                      0x00000000   Number         0  sys_stackheap.o ABSOLUTE
    ../clib/angel/sys.s                      0x00000000   Number         0  libspace.o ABSOLUTE
    ../clib/angel/sys.s                      0x00000000   Number         0  use_no_semi.o ABSOLUTE
    ../clib/angel/sys.s                      0x00000000   Number         0  sys_stackheap_outer.o ABSOLUTE
    ../clib/angel/sysapp.c                   0x00000000   Number         0  sys_exit.o ABSOLUTE
    ../clib/angel/sysapp.c                   0x00000000   Number         0  sys_command.o ABSOLUTE
    ../clib/angel/sysapp.c                   0x00000000   Number         0  sys_wrch.o ABSOLUTE
    ../clib/armsys.c                         0x00000000   Number         0  _get_argv_nomalloc.o ABSOLUTE
    ../clib/armsys.c                         0x00000000   Number         0  no_argv.o ABSOLUTE
    ../clib/armsys.c                         0x00000000   Number         0  argv_veneer.o ABSOLUTE
    ../clib/fenv.c                           0x00000000   Number         0  _rserrno.o ABSOLUTE
    ../clib/heapalloc.c                      0x00000000   Number         0  hrguard.o ABSOLUTE
    ../clib/libinit.s                        0x00000000   Number         0  libshutdown.o ABSOLUTE
    ../clib/libinit.s                        0x00000000   Number         0  libshutdown2.o ABSOLUTE
    ../clib/libinit.s                        0x00000000   Number         0  libinit2.o ABSOLUTE
    ../clib/libinit.s                        0x00000000   Number         0  libinit.o ABSOLUTE
    ../clib/memcpset.c                       0x00000000   Number         0  rt_memmove.o ABSOLUTE
    ../clib/memcpset.c                       0x00000000   Number         0  rt_memcpy.o ABSOLUTE
    ../clib/memcpset.c                       0x00000000   Number         0  rt_memcpy.o ABSOLUTE
    ../clib/signal.c                         0x00000000   Number         0  defsig_cppl_inner.o ABSOLUTE
    ../clib/signal.c                         0x00000000   Number         0  defsig_segv_inner.o ABSOLUTE
    ../clib/signal.c                         0x00000000   Number         0  defsig_other.o ABSOLUTE
    ../clib/signal.c                         0x00000000   Number         0  defsig_general.o ABSOLUTE
    ../clib/signal.c                         0x00000000   Number         0  defsig_pvfn_inner.o ABSOLUTE
    ../clib/signal.c                         0x00000000   Number         0  __raise.o ABSOLUTE
    ../clib/signal.c                         0x00000000   Number         0  defsig_rtmem_inner.o ABSOLUTE
    ../clib/signal.c                         0x00000000   Number         0  defsig_abrt_inner.o ABSOLUTE
    ../clib/signal.c                         0x00000000   Number         0  defsig_rtmem_formal.o ABSOLUTE
    ../clib/signal.c                         0x00000000   Number         0  defsig_rtmem_outer.o ABSOLUTE
    ../clib/signal.c                         0x00000000   Number         0  defsig_fpe_inner.o ABSOLUTE
    ../clib/signal.c                         0x00000000   Number         0  defsig_rtred_inner.o ABSOLUTE
    ../clib/signal.c                         0x00000000   Number         0  defsig_exit.o ABSOLUTE
    ../clib/signal.c                         0x00000000   Number         0  defsig_stak_inner.o ABSOLUTE
    ../clib/signal.s                         0x00000000   Number         0  defsig.o ABSOLUTE
    ../clib/stdlib.c                         0x00000000   Number         0  exit.o ABSOLUTE
    ../fplib/cfplib/cmpret.c                 0x00000000   Number         0  cmpret.o ABSOLUTE
    ../fplib/cfplib/d2f.c                    0x00000000   Number         0  d2f.o ABSOLUTE
    ../fplib/cfplib/dcmpin.c                 0x00000000   Number         0  dcmpin.o ABSOLUTE
    ../fplib/cfplib/ddiv.c                   0x00000000   Number         0  ddiv.o ABSOLUTE
    ../fplib/cfplib/dsqrt.c                  0x00000000   Number         0  dsqrt.o ABSOLUTE
    ../fplib/cfplib/fflt.c                   0x00000000   Number         0  fflti.o ABSOLUTE
    ../fplib/cfplib/fflt.c                   0x00000000   Number         0  dflti.o ABSOLUTE
    ../fplib/cfplib/fpinit.c                 0x00000000   Number         0  fpinit.o ABSOLUTE
    ../fplib/cfplib/nan2.c                   0x00000000   Number         0  dnan2.o ABSOLUTE
    ../fplib/cfplib/retnan.c                 0x00000000   Number         0  retnan.o ABSOLUTE
    ../fplib/dleqf6m.s                       0x00000000   Number         0  dlef.o ABSOLUTE
    ../fplib/faddsub6m.s                     0x00000000   Number         0  faddsub.o ABSOLUTE
    ../fplib/fmul6m.s                        0x00000000   Number         0  fmul.o ABSOLUTE
    ../fplib/usenofp.s                       0x00000000   Number         0  usenofp.o ABSOLUTE
    ../mathlib/sqrt.c                        0x00000000   Number         0  sqrt.o ABSOLUTE
    ../mathlib/sqrt.c                        0x00000000   Number         0  sqrt_x.o ABSOLUTE
    ..\Src\LK_API.c                          0x00000000   Number         0  lk_api.o ABSOLUTE
    ..\src\App_Main.c                        0x00000000   Number         0  app_main.o ABSOLUTE
    ..\src\App_fun.c                         0x00000000   Number         0  app_fun.o ABSOLUTE
    ..\src\start.s                           0x00000000   Number         0  start.o ABSOLUTE
    dc.s                                     0x00000000   Number         0  dc.o ABSOLUTE
    !!!main                                  0x00030000   Section        8  __main.o(!!!main)
    RESET                                    0x00030000   Section        0  start.o(RESET)
    !!!scatter                               0x00030008   Section       60  __scatter.o(!!!scatter)
    !!handler_copy                           0x00030044   Section       26  __scatter_copy.o(!!handler_copy)
    !!handler_zi                             0x00030060   Section       28  __scatter_zi.o(!!handler_zi)
    .ARM.Collect$$libshutdown$$00000000      0x0003007c   Section        2  libshutdown.o(.ARM.Collect$$libshutdown$$00000000)
    .ARM.Collect$$libshutdown$$00000003      0x0003007e   Section        0  libshutdown2.o(.ARM.Collect$$libshutdown$$00000003)
    .ARM.Collect$$libshutdown$$00000006      0x0003007e   Section        0  libshutdown2.o(.ARM.Collect$$libshutdown$$00000006)
    .ARM.Collect$$libshutdown$$00000009      0x0003007e   Section        0  libshutdown2.o(.ARM.Collect$$libshutdown$$00000009)
    .ARM.Collect$$libshutdown$$0000000B      0x0003007e   Section        0  libshutdown2.o(.ARM.Collect$$libshutdown$$0000000B)
    .ARM.Collect$$libshutdown$$0000000E      0x0003007e   Section        0  libshutdown2.o(.ARM.Collect$$libshutdown$$0000000E)
    .ARM.Collect$$libshutdown$$0000000F      0x0003007e   Section        2  libshutdown2.o(.ARM.Collect$$libshutdown$$0000000F)
    .ARM.__at_0x00030080                     0x00030080   Section        0  lk_api.o(.ARM.__at_0x00030080)
    .ARM.Collect$$libinit$$00000000          0x00030088   Section        2  libinit.o(.ARM.Collect$$libinit$$00000000)
    .ARM.Collect$$libinit$$00000001          0x0003008a   Section        4  libinit2.o(.ARM.Collect$$libinit$$00000001)
    .ARM.Collect$$libinit$$00000008          0x0003008e   Section        0  libinit2.o(.ARM.Collect$$libinit$$00000008)
    .ARM.Collect$$libinit$$0000000A          0x0003008e   Section        0  libinit2.o(.ARM.Collect$$libinit$$0000000A)
    .ARM.Collect$$libinit$$0000000C          0x0003008e   Section        0  libinit2.o(.ARM.Collect$$libinit$$0000000C)
    .ARM.Collect$$libinit$$0000000F          0x0003008e   Section        0  libinit2.o(.ARM.Collect$$libinit$$0000000F)
    .ARM.Collect$$libinit$$00000011          0x0003008e   Section        0  libinit2.o(.ARM.Collect$$libinit$$00000011)
    .ARM.Collect$$libinit$$00000013          0x0003008e   Section        0  libinit2.o(.ARM.Collect$$libinit$$00000013)
    .ARM.Collect$$libinit$$00000015          0x0003008e   Section        0  libinit2.o(.ARM.Collect$$libinit$$00000015)
    .ARM.Collect$$libinit$$00000017          0x0003008e   Section        0  libinit2.o(.ARM.Collect$$libinit$$00000017)
    .ARM.Collect$$libinit$$00000019          0x0003008e   Section        0  libinit2.o(.ARM.Collect$$libinit$$00000019)
    .ARM.Collect$$libinit$$0000001B          0x0003008e   Section        0  libinit2.o(.ARM.Collect$$libinit$$0000001B)
    .ARM.Collect$$libinit$$0000001D          0x0003008e   Section        0  libinit2.o(.ARM.Collect$$libinit$$0000001D)
    .ARM.Collect$$libinit$$0000001F          0x0003008e   Section        0  libinit2.o(.ARM.Collect$$libinit$$0000001F)
    .ARM.Collect$$libinit$$00000021          0x0003008e   Section        0  libinit2.o(.ARM.Collect$$libinit$$00000021)
    .ARM.Collect$$libinit$$00000023          0x0003008e   Section        0  libinit2.o(.ARM.Collect$$libinit$$00000023)
    .ARM.Collect$$libinit$$0000002A          0x0003008e   Section        0  libinit2.o(.ARM.Collect$$libinit$$0000002A)
    .ARM.Collect$$libinit$$0000002C          0x0003008e   Section        0  libinit2.o(.ARM.Collect$$libinit$$0000002C)
    .ARM.Collect$$libinit$$0000002E          0x0003008e   Section        0  libinit2.o(.ARM.Collect$$libinit$$0000002E)
    .ARM.Collect$$libinit$$00000030          0x0003008e   Section        0  libinit2.o(.ARM.Collect$$libinit$$00000030)
    .ARM.Collect$$libinit$$00000031          0x0003008e   Section        2  libinit2.o(.ARM.Collect$$libinit$$00000031)
    .ARM.Collect$$rtentry$$00000000          0x00030090   Section        0  rtentry.o(.ARM.Collect$$rtentry$$00000000)
    .ARM.Collect$$rtentry$$00000002          0x00030090   Section        0  rtentry2.o(.ARM.Collect$$rtentry$$00000002)
    .ARM.Collect$$rtentry$$00000004          0x00030090   Section        6  rtentry4.o(.ARM.Collect$$rtentry$$00000004)
    .ARM.Collect$$rtentry$$00000009          0x00030096   Section        0  rtentry2.o(.ARM.Collect$$rtentry$$00000009)
    .ARM.Collect$$rtentry$$0000000A          0x00030096   Section        4  rtentry2.o(.ARM.Collect$$rtentry$$0000000A)
    .ARM.Collect$$rtentry$$0000000C          0x0003009a   Section        0  rtentry2.o(.ARM.Collect$$rtentry$$0000000C)
    .ARM.Collect$$rtentry$$0000000D          0x0003009a   Section        8  rtentry2.o(.ARM.Collect$$rtentry$$0000000D)
    .ARM.Collect$$rtexit$$00000000           0x000300a2   Section        2  rtexit.o(.ARM.Collect$$rtexit$$00000000)
    .ARM.Collect$$rtexit$$00000002           0x000300a4   Section        0  rtexit2.o(.ARM.Collect$$rtexit$$00000002)
    .ARM.Collect$$rtexit$$00000003           0x000300a4   Section        4  rtexit2.o(.ARM.Collect$$rtexit$$00000003)
    .ARM.Collect$$rtexit$$00000004           0x000300a8   Section        6  rtexit2.o(.ARM.Collect$$rtexit$$00000004)
    .text                                    0x000300b0   Section        8  rt_errno_addr_intlibspace.o(.text)
    .text                                    0x000300b8   Section        8  libspace.o(.text)
    .ARM.__at_0x000300C0                     0x000300c0   Section        0  lk_api.o(.ARM.__at_0x000300C0)
    .emb_text                                0x000300c8   Section       56  rt_memcpy.o(.emb_text)
    .text                                    0x00030100   Section        0  app_main.o(.text)
    .text                                    0x00030194   Section        0  app_fun.o(.text)
    .text                                    0x0003054c   Section        0  lk_api.o(.text)
    .text                                    0x000305fc   Section        0  rt_memmove.o(.text)
    .text                                    0x00030694   Section        0  d2f.o(.text)
    .text                                    0x00030710   Section        0  ddiv.o(.text)
    .text                                    0x00030b5c   Section        0  dflti.o(.text)
    .text                                    0x00030bb4   Section        0  fflti.o(.text)
    .text                                    0x00030c12   Section        0  _rserrno.o(.text)
    .text                                    0x00030c28   Section        0  rt_memcpy.o(.text)
    .text                                    0x00030cac   Section        0  dsqrt.o(.text)
    .text                                    0x00030db0   Section       62  sys_stackheap_outer.o(.text)
    .text                                    0x00030dee   Section        0  exit.o(.text)
    .text                                    0x00030dfc   Section       52  sys_stackheap.o(.text)
    .text                                    0x00030e30   Section        2  use_no_semi.o(.text)
    .text                                    0x00030e32   Section        0  indicate_semi.o(.text)
    .text                                    0x00030e34   Section        0  sys_exit.o(.text)
    i.__ARM_common_switch8                   0x00030e40   Section        0  app_main.o(i.__ARM_common_switch8)
    i.sqrt                                   0x00030e5c   Section        0  sqrt.o(i.sqrt)
    x$fpl$fadd                               0x00030ea4   Section      140  faddsub.o(x$fpl$fadd)
    _fadd1                                   0x00030eb1   Thumb Code     0  faddsub.o(x$fpl$fadd)
    x$fpl$fmul                               0x00030f30   Section      176  fmul.o(x$fpl$fmul)
    x$fpl$fsub                               0x00030fe0   Section      208  faddsub.o(x$fpl$fsub)
    _fsub1                                   0x00030fed   Thumb Code     0  faddsub.o(x$fpl$fsub)
    .constdata                               0x000310b0   Section      128  ddiv.o(.constdata)
    x$fpl$usenofp                            0x000310b0   Section        0  usenofp.o(x$fpl$usenofp)
    ddiv_reciptbl                            0x000310b0   Data         128  ddiv.o(.constdata)
    .data                                    0x000d4000   Section        1  app_main.o(.data)
    .bss                                     0x000d4004   Section       96  libspace.o(.bss)

    Global Symbols

    Symbol Name                              Value     Ov Type        Size  Object(Section)

    BuildAttributes$$THM_ISAv3M$S$PE$A:L22$X:L11$S22$IEEE1$IW$USESV6$~STKCKD$USESV7$~SHL$OTIME$ROPI$IEEEJ$EBA8$UX$STANDARDLIB$REQ8$PRES8$EABIv2 0x00000000   Number         0  anon$$obj.o ABSOLUTE
    __ARM_use_no_argv                        0x00000000   Number         0  lk_api.o ABSOLUTE
    Image$$ZI$$Limit                          - Undefined Weak Reference
    __ARM_exceptions_init                     - Undefined Weak Reference
    __alloca_initialize                       - Undefined Weak Reference
    __cpp_initialize__aeabi_                  - Undefined Weak Reference
    __cxa_finalize                            - Undefined Weak Reference
    __rt_locale                               - Undefined Weak Reference
    __sigvec_lookup                           - Undefined Weak Reference
    _atexit_init                              - Undefined Weak Reference
    _call_atexit_fns                          - Undefined Weak Reference
    _clock_init                               - Undefined Weak Reference
    _fp_trap_init                             - Undefined Weak Reference
    _fp_trap_shutdown                         - Undefined Weak Reference
    _get_lc_collate                           - Undefined Weak Reference
    _get_lc_ctype                             - Undefined Weak Reference
    _get_lc_monetary                          - Undefined Weak Reference
    _get_lc_numeric                           - Undefined Weak Reference
    _get_lc_time                              - Undefined Weak Reference
    _getenv_init                              - Undefined Weak Reference
    _handle_redirection                       - Undefined Weak Reference
    _init_alloc                               - Undefined Weak Reference
    _init_user_alloc                          - Undefined Weak Reference
    _initio                                   - Undefined Weak Reference
    _rand_init                                - Undefined Weak Reference
    _signal_finish                            - Undefined Weak Reference
    _signal_init                              - Undefined Weak Reference
    _terminate_alloc                          - Undefined Weak Reference
    _terminate_user_alloc                     - Undefined Weak Reference
    _terminateio                              - Undefined Weak Reference
    __main                                   0x00030001   Thumb Code     8  __main.o(!!!main)
    __scatterload                            0x00030009   Thumb Code     0  __scatter.o(!!!scatter)
    __scatterload_rt2                        0x00030009   Thumb Code    52  __scatter.o(!!!scatter)
    __scatterload_rt2_thumb_only             0x00030009   Thumb Code     0  __scatter.o(!!!scatter)
    __scatterload_null                       0x00030019   Thumb Code     0  __scatter.o(!!!scatter)
    __scatterload_copy                       0x00030045   Thumb Code    26  __scatter_copy.o(!!handler_copy)
    __scatterload_zeroinit                   0x00030061   Thumb Code    28  __scatter_zi.o(!!handler_zi)
    __rt_lib_shutdown                        0x0003007d   Thumb Code     0  libshutdown.o(.ARM.Collect$$libshutdown$$00000000)
    __rt_lib_shutdown_fp_trap_1              0x0003007f   Thumb Code     0  libshutdown2.o(.ARM.Collect$$libshutdown$$00000006)
    __rt_lib_shutdown_heap_1                 0x0003007f   Thumb Code     0  libshutdown2.o(.ARM.Collect$$libshutdown$$0000000E)
    __rt_lib_shutdown_return                 0x0003007f   Thumb Code     0  libshutdown2.o(.ARM.Collect$$libshutdown$$0000000F)
    __rt_lib_shutdown_signal_1               0x0003007f   Thumb Code     0  libshutdown2.o(.ARM.Collect$$libshutdown$$00000009)
    __rt_lib_shutdown_stdio_1                0x0003007f   Thumb Code     0  libshutdown2.o(.ARM.Collect$$libshutdown$$00000003)
    __rt_lib_shutdown_user_alloc_1           0x0003007f   Thumb Code     0  libshutdown2.o(.ARM.Collect$$libshutdown$$0000000B)
    LKAPP_CommandEntry                       0x00030081   Thumb Code     8  lk_api.o(.ARM.__at_0x00030080)
    __rt_lib_init                            0x00030089   Thumb Code     0  libinit.o(.ARM.Collect$$libinit$$00000000)
    __rt_lib_init_fp_1                       0x0003008b   Thumb Code     0  libinit2.o(.ARM.Collect$$libinit$$00000001)
    __rt_lib_init_alloca_1                   0x0003008f   Thumb Code     0  libinit2.o(.ARM.Collect$$libinit$$0000002C)
    __rt_lib_init_argv_1                     0x0003008f   Thumb Code     0  libinit2.o(.ARM.Collect$$libinit$$0000002A)
    __rt_lib_init_atexit_1                   0x0003008f   Thumb Code     0  libinit2.o(.ARM.Collect$$libinit$$00000019)
    __rt_lib_init_clock_1                    0x0003008f   Thumb Code     0  libinit2.o(.ARM.Collect$$libinit$$0000001F)
    __rt_lib_init_cpp_1                      0x0003008f   Thumb Code     0  libinit2.o(.ARM.Collect$$libinit$$00000030)
    __rt_lib_init_exceptions_1               0x0003008f   Thumb Code     0  libinit2.o(.ARM.Collect$$libinit$$0000002E)
    __rt_lib_init_fp_trap_1                  0x0003008f   Thumb Code     0  libinit2.o(.ARM.Collect$$libinit$$0000001D)
    __rt_lib_init_getenv_1                   0x0003008f   Thumb Code     0  libinit2.o(.ARM.Collect$$libinit$$00000021)
    __rt_lib_init_heap_1                     0x0003008f   Thumb Code     0  libinit2.o(.ARM.Collect$$libinit$$00000008)
    __rt_lib_init_lc_collate_1               0x0003008f   Thumb Code     0  libinit2.o(.ARM.Collect$$libinit$$0000000F)
    __rt_lib_init_lc_ctype_1                 0x0003008f   Thumb Code     0  libinit2.o(.ARM.Collect$$libinit$$00000011)
    __rt_lib_init_lc_monetary_1              0x0003008f   Thumb Code     0  libinit2.o(.ARM.Collect$$libinit$$00000013)
    __rt_lib_init_lc_numeric_1               0x0003008f   Thumb Code     0  libinit2.o(.ARM.Collect$$libinit$$00000015)
    __rt_lib_init_lc_time_1                  0x0003008f   Thumb Code     0  libinit2.o(.ARM.Collect$$libinit$$00000017)
    __rt_lib_init_rand_1                     0x0003008f   Thumb Code     0  libinit2.o(.ARM.Collect$$libinit$$0000000C)
    __rt_lib_init_return                     0x0003008f   Thumb Code     0  libinit2.o(.ARM.Collect$$libinit$$00000031)
    __rt_lib_init_signal_1                   0x0003008f   Thumb Code     0  libinit2.o(.ARM.Collect$$libinit$$0000001B)
    __rt_lib_init_stdio_1                    0x0003008f   Thumb Code     0  libinit2.o(.ARM.Collect$$libinit$$00000023)
    __rt_lib_init_user_alloc_1               0x0003008f   Thumb Code     0  libinit2.o(.ARM.Collect$$libinit$$0000000A)
    __rt_entry                               0x00030091   Thumb Code     0  rtentry.o(.ARM.Collect$$rtentry$$00000000)
    __rt_entry_presh_1                       0x00030091   Thumb Code     0  rtentry2.o(.ARM.Collect$$rtentry$$00000002)
    __rt_entry_sh                            0x00030091   Thumb Code     0  rtentry4.o(.ARM.Collect$$rtentry$$00000004)
    __rt_entry_li                            0x00030097   Thumb Code     0  rtentry2.o(.ARM.Collect$$rtentry$$0000000A)
    __rt_entry_postsh_1                      0x00030097   Thumb Code     0  rtentry2.o(.ARM.Collect$$rtentry$$00000009)
    __rt_entry_main                          0x0003009b   Thumb Code     0  rtentry2.o(.ARM.Collect$$rtentry$$0000000D)
    __rt_entry_postli_1                      0x0003009b   Thumb Code     0  rtentry2.o(.ARM.Collect$$rtentry$$0000000C)
    __rt_exit                                0x000300a3   Thumb Code     0  rtexit.o(.ARM.Collect$$rtexit$$00000000)
    __rt_exit_ls                             0x000300a5   Thumb Code     0  rtexit2.o(.ARM.Collect$$rtexit$$00000003)
    __rt_exit_prels_1                        0x000300a5   Thumb Code     0  rtexit2.o(.ARM.Collect$$rtexit$$00000002)
    __rt_exit_exit                           0x000300a9   Thumb Code     0  rtexit2.o(.ARM.Collect$$rtexit$$00000004)
    __aeabi_errno_addr                       0x000300b1   Thumb Code     8  rt_errno_addr_intlibspace.o(.text)
    __errno$intlibspace                      0x000300b1   Thumb Code     0  rt_errno_addr_intlibspace.o(.text)
    __rt_errno_addr$intlibspace              0x000300b1   Thumb Code     0  rt_errno_addr_intlibspace.o(.text)
    __user_libspace                          0x000300b9   Thumb Code     8  libspace.o(.text)
    __user_perproc_libspace                  0x000300b9   Thumb Code     0  libspace.o(.text)
    __user_perthread_libspace                0x000300b9   Thumb Code     0  libspace.o(.text)
    LKAPP_InitEntry                          0x000300c1   Thumb Code     8  lk_api.o(.ARM.__at_0x000300C0)
    __aeabi_memcpy4                          0x000300c9   Thumb Code    56  rt_memcpy.o(.emb_text)
    __aeabi_memcpy8                          0x000300c9   Thumb Code     0  rt_memcpy.o(.emb_text)
    APP_Init                                 0x00030101   Thumb Code     8  app_main.o(.text)
    APP_Command                              0x00030109   Thumb Code   134  app_main.o(.text)
    Des_encrypt                              0x00030195   Thumb Code    40  app_fun.o(.text)
    Des_decrypt                              0x000301bd   Thumb Code    40  app_fun.o(.text)
    Aes_encrypt                              0x000301e5   Thumb Code    48  app_fun.o(.text)
    Aes_decrypt                              0x00030215   Thumb Code    46  app_fun.o(.text)
    GPIO_IN                                  0x00030243   Thumb Code    18  app_fun.o(.text)
    READ_GPIO                                0x00030255   Thumb Code    16  app_fun.o(.text)
    GPIO_OUT                                 0x00030265   Thumb Code    18  app_fun.o(.text)
    GPIO_SetBits                             0x00030277   Thumb Code    18  app_fun.o(.text)
    GPIO_ResetBits                           0x00030289   Thumb Code    18  app_fun.o(.text)
    Hash_Digest                              0x0003029b   Thumb Code    34  app_fun.o(.text)
    Communication_Test                       0x000302bd   Thumb Code    22  app_fun.o(.text)
    Write_Key                                0x000302d3   Thumb Code    22  app_fun.o(.text)
    Contrast_Authentication                  0x000302e9   Thumb Code   106  app_fun.o(.text)
    Write_Important_Data                     0x00030353   Thumb Code    14  app_fun.o(.text)
    Read_Important_Data                      0x00030361   Thumb Code   136  app_fun.o(.text)
    Algorithm_Transplantation                0x000303e9   Thumb Code    92  app_fun.o(.text)
    My_Algorithm                             0x00030445   Thumb Code   104  app_fun.o(.text)
    Algorithm                                0x000304ad   Thumb Code   150  app_fun.o(.text)
    LK_WriteNvm                              0x0003054d   Thumb Code     6  lk_api.o(.text)
    LK_ReadNvm                               0x00030553   Thumb Code     6  lk_api.o(.text)
    LK_GetRandom                             0x00030559   Thumb Code     6  lk_api.o(.text)
    LK_GetChipID                             0x0003055f   Thumb Code     6  lk_api.o(.text)
    LK_DESEncrypt                            0x00030565   Thumb Code     6  lk_api.o(.text)
    LK_DESDecryptF                           0x0003056b   Thumb Code     6  lk_api.o(.text)
    LK_AESEncrypt                            0x00030571   Thumb Code     6  lk_api.o(.text)
    LK_AESDecryptF                           0x00030577   Thumb Code     6  lk_api.o(.text)
    LK_DesSetKey                             0x0003057d   Thumb Code     6  lk_api.o(.text)
    LK_DesEncode                             0x00030583   Thumb Code     4  lk_api.o(.text)
    LK_DesDecode                             0x00030587   Thumb Code     6  lk_api.o(.text)
    LK_AesSetKeyEnc                          0x0003058d   Thumb Code     6  lk_api.o(.text)
    LK_AesSetKeyDec                          0x00030593   Thumb Code     6  lk_api.o(.text)
    LK_AesEncode                             0x00030599   Thumb Code     6  lk_api.o(.text)
    LK_AesDecode                             0x0003059f   Thumb Code     6  lk_api.o(.text)
    LK_HashInit                              0x000305a5   Thumb Code     6  lk_api.o(.text)
    LK_HashUpdate                            0x000305ab   Thumb Code     6  lk_api.o(.text)
    LK_HashLastUpdate                        0x000305b1   Thumb Code     6  lk_api.o(.text)
    LK_HashGetDigest                         0x000305b7   Thumb Code     6  lk_api.o(.text)
    RSA_DecryptPubKeyFile                    0x000305bd   Thumb Code    10  lk_api.o(.text)
    RSA_DecryptPrivateKeyFile                0x000305c7   Thumb Code    12  lk_api.o(.text)
    GetAPDU_P1P2                             0x000305d3   Thumb Code     6  lk_api.o(.text)
    GetAPDU_Data                             0x000305d9   Thumb Code     6  lk_api.o(.text)
    main                                     0x000305df   Thumb Code    22  lk_api.o(.text)
    __aeabi_memmove4                         0x000305fd   Thumb Code    70  rt_memmove.o(.text)
    __aeabi_memmove8                         0x000305fd   Thumb Code     0  rt_memmove.o(.text)
    __aeabi_memmove                          0x00030643   Thumb Code    80  rt_memmove.o(.text)
    __rt_memmove                             0x00030643   Thumb Code     0  rt_memmove.o(.text)
    __aeabi_d2f                              0x00030695   Thumb Code     0  d2f.o(.text)
    _d2f                                     0x00030695   Thumb Code   120  d2f.o(.text)
    __aeabi_ddiv                             0x00030711   Thumb Code     0  ddiv.o(.text)
    _ddiv                                    0x00030711   Thumb Code  1076  ddiv.o(.text)
    _drdiv                                   0x00030b45   Thumb Code    20  ddiv.o(.text)
    __aeabi_i2d_normalise                    0x00030b5d   Thumb Code    66  dflti.o(.text)
    __aeabi_i2d                              0x00030b9f   Thumb Code    16  dflti.o(.text)
    _dflt                                    0x00030b9f   Thumb Code     0  dflti.o(.text)
    __aeabi_ui2d                             0x00030baf   Thumb Code     6  dflti.o(.text)
    _dfltu                                   0x00030baf   Thumb Code     0  dflti.o(.text)
    __aeabi_i2f_normalise                    0x00030bb5   Thumb Code    72  fflti.o(.text)
    __aeabi_i2f                              0x00030bfd   Thumb Code    16  fflti.o(.text)
    _fflt                                    0x00030bfd   Thumb Code     0  fflti.o(.text)
    __aeabi_ui2f                             0x00030c0d   Thumb Code     6  fflti.o(.text)
    _ffltu                                   0x00030c0d   Thumb Code     0  fflti.o(.text)
    __read_errno                             0x00030c13   Thumb Code    10  _rserrno.o(.text)
    __set_errno                              0x00030c1d   Thumb Code    12  _rserrno.o(.text)
    __aeabi_memcpy                           0x00030c29   Thumb Code   130  rt_memcpy.o(.text)
    __rt_memcpy                              0x00030c29   Thumb Code     0  rt_memcpy.o(.text)
    _dsqrt                                   0x00030cad   Thumb Code   250  dsqrt.o(.text)
    __user_setup_stackheap                   0x00030db1   Thumb Code    62  sys_stackheap_outer.o(.text)
    exit                                     0x00030def   Thumb Code    12  exit.o(.text)
    __user_initial_stackheap                 0x00030dfd   Thumb Code    48  sys_stackheap.o(.text)
    _RW_Limit                                0x00030e28   Data           0  sys_stackheap.o(.text)
    __I$use$semihosting                      0x00030e31   Thumb Code     0  use_no_semi.o(.text)
    __use_no_semihosting_swi                 0x00030e31   Thumb Code     2  use_no_semi.o(.text)
    __semihosting_library_function           0x00030e33   Thumb Code     0  indicate_semi.o(.text)
    _sys_exit                                0x00030e35   Thumb Code     8  sys_exit.o(.text)
    __ARM_common_switch8                     0x00030e41   Thumb Code    26  app_main.o(i.__ARM_common_switch8)
    sqrt                                     0x00030e5d   Thumb Code    66  sqrt.o(i.sqrt)
    __aeabi_fadd                             0x00030ea5   Thumb Code     0  faddsub.o(x$fpl$fadd)
    _fadd                                    0x00030ea5   Thumb Code   134  faddsub.o(x$fpl$fadd)
    __aeabi_fmul                             0x00030f31   Thumb Code     0  fmul.o(x$fpl$fmul)
    _fmul                                    0x00030f31   Thumb Code   172  fmul.o(x$fpl$fmul)
    __aeabi_fsub                             0x00030fe1   Thumb Code     0  faddsub.o(x$fpl$fsub)
    _fsub                                    0x00030fe1   Thumb Code   204  faddsub.o(x$fpl$fsub)
    __I$use$fp                               0x000310b0   Number         0  usenofp.o(x$fpl$usenofp)
    Region$$Table$$Base                      0x00031130   Number         0  anon$$obj.o(Region$$Table)
    Region$$Table$$Limit                     0x00031150   Number         0  anon$$obj.o(Region$$Table)
    g_var1                                   0x000d4000   Data           1  app_main.o(.data)
    __libspace_start                         0x000d4004   Data          96  libspace.o(.bss)
    __temporary_stack_top$libspace           0x000d4064   Data           0  libspace.o(.bss)



==============================================================================

Memory Map of the image

  Image Entry point : 0x00030001

  Load Region ROM (Base: 0x00030000, Size: 0x00001154, Max: 0xffffffff, ABSOLUTE)

    Execution Region ER_RO (Base: 0x00030000, Size: 0x00001150, Max: 0x00010000, ABSOLUTE)

    Base Addr    Size         Type   Attr      Idx    E Section Name        Object

    0x00030000   0x00000000   Data   RO           38    RESET               start.o
    0x00030000   0x00000008   Code   RO           67  * !!!main             c_p.l(__main.o)
    0x00030008   0x0000003c   Code   RO          274    !!!scatter          c_p.l(__scatter.o)
    0x00030044   0x0000001a   Code   RO          276    !!handler_copy      c_p.l(__scatter_copy.o)
    0x0003005e   0x00000002   PAD
    0x00030060   0x0000001c   Code   RO          278    !!handler_zi        c_p.l(__scatter_zi.o)
    0x0003007c   0x00000002   Code   RO          218    .ARM.Collect$$libshutdown$$00000000  c_p.l(libshutdown.o)
    0x0003007e   0x00000000   Code   RO          229    .ARM.Collect$$libshutdown$$00000003  c_p.l(libshutdown2.o)
    0x0003007e   0x00000000   Code   RO          232    .ARM.Collect$$libshutdown$$00000006  c_p.l(libshutdown2.o)
    0x0003007e   0x00000000   Code   RO          235    .ARM.Collect$$libshutdown$$00000009  c_p.l(libshutdown2.o)
    0x0003007e   0x00000000   Code   RO          237    .ARM.Collect$$libshutdown$$0000000B  c_p.l(libshutdown2.o)
    0x0003007e   0x00000000   Code   RO          240    .ARM.Collect$$libshutdown$$0000000E  c_p.l(libshutdown2.o)
    0x0003007e   0x00000002   Code   RO          241    .ARM.Collect$$libshutdown$$0000000F  c_p.l(libshutdown2.o)
    0x00030080   0x00000008   Code   RO           57    .ARM.__at_0x00030080  LKAPI_5103A.lib(lk_api.o)
    0x00030088   0x00000002   Code   RO          141    .ARM.Collect$$libinit$$00000000  c_p.l(libinit.o)
    0x0003008a   0x00000004   Code   RO          151    .ARM.Collect$$libinit$$00000001  c_p.l(libinit2.o)
    0x0003008e   0x00000000   Code   RO          155    .ARM.Collect$$libinit$$00000008  c_p.l(libinit2.o)
    0x0003008e   0x00000000   Code   RO          157    .ARM.Collect$$libinit$$0000000A  c_p.l(libinit2.o)
    0x0003008e   0x00000000   Code   RO          159    .ARM.Collect$$libinit$$0000000C  c_p.l(libinit2.o)
    0x0003008e   0x00000000   Code   RO          162    .ARM.Collect$$libinit$$0000000F  c_p.l(libinit2.o)
    0x0003008e   0x00000000   Code   RO          164    .ARM.Collect$$libinit$$00000011  c_p.l(libinit2.o)
    0x0003008e   0x00000000   Code   RO          166    .ARM.Collect$$libinit$$00000013  c_p.l(libinit2.o)
    0x0003008e   0x00000000   Code   RO          168    .ARM.Collect$$libinit$$00000015  c_p.l(libinit2.o)
    0x0003008e   0x00000000   Code   RO          170    .ARM.Collect$$libinit$$00000017  c_p.l(libinit2.o)
    0x0003008e   0x00000000   Code   RO          172    .ARM.Collect$$libinit$$00000019  c_p.l(libinit2.o)
    0x0003008e   0x00000000   Code   RO          174    .ARM.Collect$$libinit$$0000001B  c_p.l(libinit2.o)
    0x0003008e   0x00000000   Code   RO          176    .ARM.Collect$$libinit$$0000001D  c_p.l(libinit2.o)
    0x0003008e   0x00000000   Code   RO          178    .ARM.Collect$$libinit$$0000001F  c_p.l(libinit2.o)
    0x0003008e   0x00000000   Code   RO          180    .ARM.Collect$$libinit$$00000021  c_p.l(libinit2.o)
    0x0003008e   0x00000000   Code   RO          182    .ARM.Collect$$libinit$$00000023  c_p.l(libinit2.o)
    0x0003008e   0x00000000   Code   RO          186    .ARM.Collect$$libinit$$0000002A  c_p.l(libinit2.o)
    0x0003008e   0x00000000   Code   RO          188    .ARM.Collect$$libinit$$0000002C  c_p.l(libinit2.o)
    0x0003008e   0x00000000   Code   RO          190    .ARM.Collect$$libinit$$0000002E  c_p.l(libinit2.o)
    0x0003008e   0x00000000   Code   RO          192    .ARM.Collect$$libinit$$00000030  c_p.l(libinit2.o)
    0x0003008e   0x00000002   Code   RO          193    .ARM.Collect$$libinit$$00000031  c_p.l(libinit2.o)
    0x00030090   0x00000000   Code   RO           94    .ARM.Collect$$rtentry$$00000000  c_p.l(rtentry.o)
    0x00030090   0x00000000   Code   RO          107    .ARM.Collect$$rtentry$$00000002  c_p.l(rtentry2.o)
    0x00030090   0x00000006   Code   RO          119    .ARM.Collect$$rtentry$$00000004  c_p.l(rtentry4.o)
    0x00030096   0x00000000   Code   RO          109    .ARM.Collect$$rtentry$$00000009  c_p.l(rtentry2.o)
    0x00030096   0x00000004   Code   RO          110    .ARM.Collect$$rtentry$$0000000A  c_p.l(rtentry2.o)
    0x0003009a   0x00000000   Code   RO          112    .ARM.Collect$$rtentry$$0000000C  c_p.l(rtentry2.o)
    0x0003009a   0x00000008   Code   RO          113    .ARM.Collect$$rtentry$$0000000D  c_p.l(rtentry2.o)
    0x000300a2   0x00000002   Code   RO          149    .ARM.Collect$$rtexit$$00000000  c_p.l(rtexit.o)
    0x000300a4   0x00000000   Code   RO          200    .ARM.Collect$$rtexit$$00000002  c_p.l(rtexit2.o)
    0x000300a4   0x00000004   Code   RO          201    .ARM.Collect$$rtexit$$00000003  c_p.l(rtexit2.o)
    0x000300a8   0x00000006   Code   RO          202    .ARM.Collect$$rtexit$$00000004  c_p.l(rtexit2.o)
    0x000300ae   0x00000002   PAD
    0x000300b0   0x00000008   Code   RO          124    .text               c_p.l(rt_errno_addr_intlibspace.o)
    0x000300b8   0x00000008   Code   RO          128    .text               c_p.l(libspace.o)
    0x000300c0   0x00000008   Code   RO           58    .ARM.__at_0x000300C0  LKAPI_5103A.lib(lk_api.o)
    0x000300c8   0x00000038   Code   RO           97    .emb_text           c_p.l(rt_memcpy.o)
    0x00030100   0x00000094   Code   RO            1    .text               app_main.o
    0x00030194   0x000003b8   Code   RO           44    .text               app_fun.o
    0x0003054c   0x000000b0   Code   RO           59    .text               LKAPI_5103A.lib(lk_api.o)
    0x000305fc   0x00000096   Code   RO           65    .text               c_p.l(rt_memmove.o)
    0x00030692   0x00000002   PAD
    0x00030694   0x0000007c   Code   RO           69    .text               fz_ps.l(d2f.o)
    0x00030710   0x0000044c   Code   RO           71    .text               fz_ps.l(ddiv.o)
    0x00030b5c   0x00000058   Code   RO           74    .text               fz_ps.l(dflti.o)
    0x00030bb4   0x0000005e   Code   RO           82    .text               fz_ps.l(fflti.o)
    0x00030c12   0x00000016   Code   RO           95    .text               c_p.l(_rserrno.o)
    0x00030c28   0x00000082   Code   RO           98    .text               c_p.l(rt_memcpy.o)
    0x00030caa   0x00000002   PAD
    0x00030cac   0x00000104   Code   RO          103    .text               fz_ps.l(dsqrt.o)
    0x00030db0   0x0000003e   Code   RO          131    .text               c_p.l(sys_stackheap_outer.o)
    0x00030dee   0x0000000c   Code   RO          134    .text               c_p.l(exit.o)
    0x00030dfa   0x00000002   PAD
    0x00030dfc   0x00000034   Code   RO          146    .text               c_p.l(sys_stackheap.o)
    0x00030e30   0x00000002   Code   RO          196    .text               c_p.l(use_no_semi.o)
    0x00030e32   0x00000000   Code   RO          198    .text               c_p.l(indicate_semi.o)
    0x00030e32   0x00000002   PAD
    0x00030e34   0x0000000c   Code   RO          210    .text               c_p.l(sys_exit.o)
    0x00030e40   0x0000001a   Code   RO           15    i.__ARM_common_switch8  app_main.o
    0x00030e5a   0x00000002   PAD
    0x00030e5c   0x00000048   Code   RO           87    i.sqrt              m_ps.l(sqrt.o)
    0x00030ea4   0x0000008c   Code   RO           76    x$fpl$fadd          fz_ps.l(faddsub.o)
    0x00030f30   0x000000b0   Code   RO           84    x$fpl$fmul          fz_ps.l(fmul.o)
    0x00030fe0   0x000000d0   Code   RO           78    x$fpl$fsub          fz_ps.l(faddsub.o)
    0x000310b0   0x00000000   Code   RO          105    x$fpl$usenofp       fz_ps.l(usenofp.o)
    0x000310b0   0x00000080   Data   RO           72    .constdata          fz_ps.l(ddiv.o)
    0x00031130   0x00000020   Data   RO          272    Region$$Table       anon$$obj.o


    Execution Region ER_RM (Base: 0x000d4000, Size: 0x00000004, Max: 0xffffffff, ABSOLUTE)

    Base Addr    Size         Type   Attr      Idx    E Section Name        Object

    0x000d4000   0x00000001   Data   RW            2    .data               app_main.o


    Execution Region ER_ZI (Base: 0x000d4004, Size: 0x00000060, Max: 0xffffffff, ABSOLUTE)

    Base Addr    Size         Type   Attr      Idx    E Section Name        Object

    0x000d4004   0x00000060   Zero   RW          129    .bss                c_p.l(libspace.o)


==============================================================================

Image component sizes


      Code (inc. data)   RO Data    RW Data    ZI Data      Debug   Object Name

       952         10          0          0          0       5458   app_fun.o
       174         18          0          1          0       3423   app_main.o
         0          0          0          0          0          0   start.o

    ----------------------------------------------------------------------
      1128         28         32          4          0       8881   Object Totals
         0          0         32          0          0          0   (incl. Generated)
         2          0          0          3          0          0   (incl. Padding)

    ----------------------------------------------------------------------

      Code (inc. data)   RO Data    RW Data    ZI Data      Debug   Library Member Name

       192          8          0          0          0        596   lk_api.o
         8          0          0          0          0         68   __main.o
        60          8          0          0          0          0   __scatter.o
        26          0          0          0          0          0   __scatter_copy.o
        28          0          0          0          0          0   __scatter_zi.o
        22          0          0          0          0         92   _rserrno.o
        12          0          0          0          0         64   exit.o
         0          0          0          0          0          0   indicate_semi.o
         2          0          0          0          0          0   libinit.o
         6          0          0          0          0          0   libinit2.o
         2          0          0          0          0          0   libshutdown.o
         2          0          0          0          0          0   libshutdown2.o
         8          4          0          0         96         68   libspace.o
         8          4          0          0          0         68   rt_errno_addr_intlibspace.o
       186          0          0          0          0        144   rt_memcpy.o
       150          0          0          0          0        104   rt_memmove.o
         0          0          0          0          0          0   rtentry.o
        12          0          0          0          0          0   rtentry2.o
         6          0          0          0          0          0   rtentry4.o
         2          0          0          0          0          0   rtexit.o
        10          0          0          0          0          0   rtexit2.o
        12          4          0          0          0         60   sys_exit.o
        52         12          0          0          0         80   sys_stackheap.o
        62          0          0          0          0         80   sys_stackheap_outer.o
         2          0          0          0          0         68   use_no_semi.o
       124          4          0          0          0         72   d2f.o
      1100         28        128          0          0        112   ddiv.o
        88          0          0          0          0         92   dflti.o
       260         10          0          0          0         76   dsqrt.o
       348          8          0          0          0        160   faddsub.o
        94          0          0          0          0         92   fflti.o
       176          4          0          0          0         80   fmul.o
         0          0          0          0          0          0   usenofp.o
        72          6          0          0          0         76   sqrt.o

    ----------------------------------------------------------------------
      3144        100        128          0         96       2252   Library Totals
        12          0          0          0          0          0   (incl. Padding)

    ----------------------------------------------------------------------

      Code (inc. data)   RO Data    RW Data    ZI Data      Debug   Library Name

       192          8          0          0          0        596   LKAPI_5103A.lib
       678         32          0          0         96        896   c_p.l
      2190         54        128          0          0        684   fz_ps.l
        72          6          0          0          0         76   m_ps.l

    ----------------------------------------------------------------------
      3144        100        128          0         96       2252   Library Totals

    ----------------------------------------------------------------------

==============================================================================


      Code (inc. data)   RO Data    RW Data    ZI Data      Debug   

      4272        128        160          4         96       9917   Grand Totals
      4272        128        160          4         96       9917   ELF Image Totals
      4272        128        160          4          0          0   ROM Totals

==============================================================================

    Total RO  Size (Code + RO Data)                 4432 (   4.33kB)
    Total RW  Size (RW Data + ZI Data)               100 (   0.10kB)
    Total ROM Size (Code + RO Data + RW Data)       4436 (   4.33kB)

==============================================================================

