<html>
<body>
<pre>
<h1>礦ision Build Log</h1>
<h2>Project:</h2>
E:\CC\客户方案\5103A_宁德时代\LKT5103A算法例程\LKT5103A_Appdemo\prj\AppDemo.uvproj
Project File Date:  08/27/2019

<h2>Output:</h2>
Rebuild target 'LKT5103A'
compiling App_Main.c...
assembling start.s...
compiling App_fun.c...
linking...
Program Size: Code=3756 RO-data=160 RW-data=4 ZI-data=96  
FromELF: creating hex file...
"..\Out\Bin\LKT5103A_AppDemo.axf" - 0 Error(s), 0 Warning(s).
</pre>
</body>
</html>
RO-data=160 RW-data=4 ZI-data=96  
FromELF: creating hex file...
"..\Out\Bin\LKT5103A_AppDemo.axf" - 0 Error(s), 1 Warning(s).
